// Jest Snapshot v1, https://goo.gl/fbAQLP

exports[`<Footer /> renders 1`] = `
<styled.footer>
  <Logo />
  <Statements />
  <IconList />
</styled.footer>
`;
