// Jest Snapshot v1, https://goo.gl/fbAQLP

exports[`SiteIndex renders correctly 1`] = `
<dataWrapper>
  <Home />
</dataWrapper>
`;
